../LWIP/Target/ethernetif.c:198:6:HAL_ETH_RxCpltCallback	16	static
../LWIP/Target/ethernetif.c:207:6:HAL_ETH_TxCpltCallback	16	static
../LWIP/Target/ethernetif.c:216:6:HAL_ETH_ErrorCallback	16	static
../LWIP/Target/ethernetif.c:238:13:low_level_init	176	static
../LWIP/Target/ethernetif.c:412:14:low_level_output	80	static
../LWIP/Target/ethernetif.c:484:22:low_level_input	24	static
../LWIP/Target/ethernetif.c:505:6:ethernetif_input	24	static
../LWIP/Target/ethernetif.c:562:7:ethernetif_init	16	static
../LWIP/Target/ethernetif.c:613:6:pbuf_free_custom	24	static
../LWIP/Target/ethernetif.c:636:7:sys_now	8	static
../LWIP/Target/ethernetif.c:649:6:HAL_ETH_MspInit	64	static
../LWIP/Target/ethernetif.c:706:6:HAL_ETH_MspDeInit	16	static
../LWIP/Target/ethernetif.c:752:9:ETH_PHY_IO_Init	8	static
../LWIP/Target/ethernetif.c:769:9:ETH_PHY_IO_DeInit	4	static
../LWIP/Target/ethernetif.c:781:9:ETH_PHY_IO_ReadReg	24	static
../LWIP/Target/ethernetif.c:798:9:ETH_PHY_IO_WriteReg	24	static
../LWIP/Target/ethernetif.c:812:9:ETH_PHY_IO_GetTick	8	static
../LWIP/Target/ethernetif.c:821:6:ethernet_link_thread	136	static
../LWIP/Target/ethernetif.c:903:6:HAL_ETH_RxAllocateCallback	32	static
../LWIP/Target/ethernetif.c:925:6:HAL_ETH_RxLinkCallback	56	static,ignoring_inline_asm
../LWIP/Target/ethernetif.c:965:6:HAL_ETH_TxFreeCallback	16	static
../LWIP/Target/ethernetif.c:980:6:sys_lock_tcpip_core	8	static
../LWIP/Target/ethernetif.c:985:6:sys_unlock_tcpip_core	8	static
../LWIP/Target/ethernetif.c:990:6:sys_check_core_locking	16	static,ignoring_inline_asm
../LWIP/Target/ethernetif.c:1011:6:sys_mark_tcpip_thread	8	static
